Copyright 1986-2022 Xilinx, Inc. All Rights Reserved.
------------------------------------------------------------------------------------------------------------------------------------------------------------
| Tool Version : Vivado v.2022.2 (lin64) Build 3671981 Fri Oct 14 04:59:54 MDT 2022
| Date         : Wed Sep 16 18:05:41 2026
| Host         : <BUILD_HOST> running 64-bit Ubuntu 22.04.5 LTS
| Command      : report_utilization -hierarchical -hierarchical_depth 8 -file <EXPERIMENT_ROOT>/build_text288_v1/reports/synthesis_hierarchy.rpt
| Design       : design_1_wrapper
| Device       : xc7z020clg400-1
| Speed File   : -1
| Design State : Synthesized
------------------------------------------------------------------------------------------------------------------------------------------------------------

Utilization Design Information

Table of Contents
-----------------
1. Utilization by Hierarchy

1. Utilization by Hierarchy
---------------------------

+------------------------------------------------------+-----------------------------------------------------------------------------------+------------+------------+---------+------+-------+--------+--------+------------+
|                       Instance                       |                                       Module                                      | Total LUTs | Logic LUTs | LUTRAMs | SRLs |  FFs  | RAMB36 | RAMB18 | DSP Blocks |
+------------------------------------------------------+-----------------------------------------------------------------------------------+------------+------------+---------+------+-------+--------+--------+------------+
| design_1_wrapper                                     |                                                                             (top) |      10000 |       9934 |       0 |   66 | 15261 |     44 |      2 |          0 |
|   design_1_i                                         |                                                                          design_1 |      10000 |       9934 |       0 |   66 | 15261 |     44 |      2 |          0 |
|     (design_1_i)                                     |                                                                          design_1 |          0 |          0 |       0 |    0 |     0 |      0 |      0 |          0 |
|     axi_interconnect_0                               |                                                     design_1_axi_interconnect_0_0 |        421 |        356 |       0 |   65 |   562 |      0 |      0 |          0 |
|       (axi_interconnect_0)                           |                                                     design_1_axi_interconnect_0_0 |          0 |          0 |       0 |    0 |     0 |      0 |      0 |          0 |
|       s00_couplers                                   |                                                           s00_couplers_imp_O7FAN0 |        421 |        356 |       0 |   65 |   562 |      0 |      0 |          0 |
|         auto_pc                                      |                                                                design_1_auto_pc_0 |        421 |        356 |       0 |   65 |   562 |      0 |      0 |          0 |
|           (auto_pc)                                  |                                                                design_1_auto_pc_0 |          0 |          0 |       0 |    0 |     0 |      0 |      0 |          0 |
|           inst                                       |          design_1_auto_pc_0_axi_protocol_converter_v2_1_27_axi_protocol_converter |        421 |        356 |       0 |   65 |   562 |      0 |      0 |          0 |
|             (inst)                                   |          design_1_auto_pc_0_axi_protocol_converter_v2_1_27_axi_protocol_converter |          0 |          0 |       0 |    0 |     0 |      0 |      0 |          0 |
|             gen_axilite.gen_b2s_conv.axilite_b2s     |                             design_1_auto_pc_0_axi_protocol_converter_v2_1_27_b2s |        421 |        356 |       0 |   65 |   562 |      0 |      0 |          0 |
|               (gen_axilite.gen_b2s_conv.axilite_b2s) |                             design_1_auto_pc_0_axi_protocol_converter_v2_1_27_b2s |          1 |          1 |       0 |    0 |     1 |      0 |      0 |          0 |
|               RD.ar_channel_0                        |                  design_1_auto_pc_0_axi_protocol_converter_v2_1_27_b2s_ar_channel |         68 |         68 |       0 |    0 |    82 |      0 |      0 |          0 |
|                 (RD.ar_channel_0)                    |                  design_1_auto_pc_0_axi_protocol_converter_v2_1_27_b2s_ar_channel |          0 |          0 |       0 |    0 |    12 |      0 |      0 |          0 |
|                 ar_cmd_fsm_0                         |                  design_1_auto_pc_0_axi_protocol_converter_v2_1_27_b2s_rd_cmd_fsm |         36 |         36 |       0 |    0 |     2 |      0 |      0 |          0 |
|                 cmd_translator_0                     |            design_1_auto_pc_0_axi_protocol_converter_v2_1_27_b2s_cmd_translator_1 |         32 |         32 |       0 |    0 |    68 |      0 |      0 |          0 |
|               RD.r_channel_0                         |                   design_1_auto_pc_0_axi_protocol_converter_v2_1_27_b2s_r_channel |         62 |         15 |       0 |   47 |    24 |      0 |      0 |          0 |
|                 (RD.r_channel_0)                     |                   design_1_auto_pc_0_axi_protocol_converter_v2_1_27_b2s_r_channel |          0 |          0 |       0 |    0 |    14 |      0 |      0 |          0 |
|                 rd_data_fifo_0                       | design_1_auto_pc_0_axi_protocol_converter_v2_1_27_b2s_simple_fifo__parameterized1 |         43 |          9 |       0 |   34 |     5 |      0 |      0 |          0 |
|                 transaction_fifo_0                   | design_1_auto_pc_0_axi_protocol_converter_v2_1_27_b2s_simple_fifo__parameterized2 |         19 |          6 |       0 |   13 |     5 |      0 |      0 |          0 |
|               SI_REG                                 |                  design_1_auto_pc_0_axi_register_slice_v2_1_27_axi_register_slice |        177 |        177 |       0 |    0 |   352 |      0 |      0 |          0 |
|                 ar.ar_pipe                           |                 design_1_auto_pc_0_axi_register_slice_v2_1_27_axic_register_slice |         68 |         68 |       0 |    0 |   113 |      0 |      0 |          0 |
|                 aw.aw_pipe                           |               design_1_auto_pc_0_axi_register_slice_v2_1_27_axic_register_slice_0 |         72 |         72 |       0 |    0 |   113 |      0 |      0 |          0 |
|                 b.b_pipe                             | design_1_auto_pc_0_axi_register_slice_v2_1_27_axic_register_slice__parameterized1 |         10 |         10 |       0 |    0 |    30 |      0 |      0 |          0 |
|                 r.r_pipe                             | design_1_auto_pc_0_axi_register_slice_v2_1_27_axic_register_slice__parameterized2 |         27 |         27 |       0 |    0 |    96 |      0 |      0 |          0 |
|               WR.aw_channel_0                        |                  design_1_auto_pc_0_axi_protocol_converter_v2_1_27_b2s_aw_channel |         77 |         77 |       0 |    0 |    86 |      0 |      0 |          0 |
|                 (WR.aw_channel_0)                    |                  design_1_auto_pc_0_axi_protocol_converter_v2_1_27_b2s_aw_channel |          0 |          0 |       0 |    0 |    16 |      0 |      0 |          0 |
|                 aw_cmd_fsm_0                         |                  design_1_auto_pc_0_axi_protocol_converter_v2_1_27_b2s_wr_cmd_fsm |         44 |         44 |       0 |    0 |     2 |      0 |      0 |          0 |
|                 cmd_translator_0                     |              design_1_auto_pc_0_axi_protocol_converter_v2_1_27_b2s_cmd_translator |         33 |         33 |       0 |    0 |    68 |      0 |      0 |          0 |
|               WR.b_channel_0                         |                   design_1_auto_pc_0_axi_protocol_converter_v2_1_27_b2s_b_channel |         39 |         21 |       0 |   18 |    17 |      0 |      0 |          0 |
|                 (WR.b_channel_0)                     |                   design_1_auto_pc_0_axi_protocol_converter_v2_1_27_b2s_b_channel |          8 |          8 |       0 |    0 |    13 |      0 |      0 |          0 |
|                 bid_fifo_0                           |                 design_1_auto_pc_0_axi_protocol_converter_v2_1_27_b2s_simple_fifo |         25 |          9 |       0 |   16 |     2 |      0 |      0 |          0 |
|                 bresp_fifo_0                         | design_1_auto_pc_0_axi_protocol_converter_v2_1_27_b2s_simple_fifo__parameterized0 |          6 |          4 |       0 |    2 |     2 |      0 |      0 |          0 |
|     maxcut26_0                                       |                                                             design_1_maxcut26_0_0 |       9537 |       9537 |       0 |    0 | 14659 |     44 |      2 |          0 |
|       (maxcut26_0)                                   |                                                             design_1_maxcut26_0_0 |          0 |          0 |       0 |    0 |     0 |      0 |      0 |          0 |
|       inst                                           |                                                design_1_maxcut26_0_0_maxcut26_axi |       9537 |       9537 |       0 |    0 | 14659 |     44 |      2 |          0 |
|         (inst)                                       |                                                design_1_maxcut26_0_0_maxcut26_axi |         65 |         65 |       0 |    0 |   123 |      0 |      0 |          0 |
|         recorder                                     |                                                  design_1_maxcut26_0_0_text_trace |        131 |        131 |       0 |    0 |   523 |      0 |      1 |          0 |
|         solver                                       |                                               design_1_maxcut26_0_0_maxcut26_core |       9341 |       9341 |       0 |    0 | 14013 |     44 |      1 |          0 |
|           (solver)                                   |                                               design_1_maxcut26_0_0_maxcut26_core |       9302 |       9302 |       0 |    0 | 13878 |     44 |      1 |          0 |
|           rng                                        |                                                 design_1_maxcut26_0_0_lfsr32_word |         39 |         39 |       0 |    0 |   135 |      0 |      0 |          0 |
|     ps7_0                                            |                                                                  design_1_ps7_0_0 |         24 |         24 |       0 |    0 |     0 |      0 |      0 |          0 |
|       (ps7_0)                                        |                                                                  design_1_ps7_0_0 |          0 |          0 |       0 |    0 |     0 |      0 |      0 |          0 |
|       inst                                           |                       design_1_ps7_0_0_processing_system7_v5_5_processing_system7 |         24 |         24 |       0 |    0 |     0 |      0 |      0 |          0 |
|     rst_ps7_0_100M                                   |                                                         design_1_rst_ps7_0_100M_0 |         18 |         17 |       0 |    1 |    40 |      0 |      0 |          0 |
|       U0                                             |                                          design_1_rst_ps7_0_100M_0_proc_sys_reset |         18 |         17 |       0 |    1 |    40 |      0 |      0 |          0 |
|         (U0)                                         |                                          design_1_rst_ps7_0_100M_0_proc_sys_reset |          0 |          0 |       0 |    0 |     5 |      0 |      0 |          0 |
|         EXT_LPF                                      |                                                     design_1_rst_ps7_0_100M_0_lpf |          5 |          4 |       0 |    1 |    17 |      0 |      0 |          0 |
|           (EXT_LPF)                                  |                                                     design_1_rst_ps7_0_100M_0_lpf |          2 |          1 |       0 |    1 |     9 |      0 |      0 |          0 |
|           ACTIVE_HIGH_AUX.ACT_HI_AUX                 |                                                design_1_rst_ps7_0_100M_0_cdc_sync |          1 |          1 |       0 |    0 |     4 |      0 |      0 |          0 |
|           ACTIVE_LOW_EXT.ACT_LO_EXT                  |                                              design_1_rst_ps7_0_100M_0_cdc_sync_0 |          2 |          2 |       0 |    0 |     4 |      0 |      0 |          0 |
|         SEQ                                          |                                            design_1_rst_ps7_0_100M_0_sequence_psr |         13 |         13 |       0 |    0 |    18 |      0 |      0 |          0 |
|           (SEQ)                                      |                                            design_1_rst_ps7_0_100M_0_sequence_psr |          8 |          8 |       0 |    0 |    12 |      0 |      0 |          0 |
|           SEQ_COUNTER                                |                                                 design_1_rst_ps7_0_100M_0_upcnt_n |          5 |          5 |       0 |    0 |     6 |      0 |      0 |          0 |
+------------------------------------------------------+-----------------------------------------------------------------------------------+------------+------------+---------+------+-------+--------+--------+------------+


