Copyright 1986-2022 Xilinx, Inc. All Rights Reserved.
------------------------------------------------------------------------------------------------------------------------
| Tool Version : Vivado v.2022.2 (lin64) Build 3671981 Fri Oct 14 04:59:54 MDT 2022
| Date         : Wed Sep 16 18:05:45 2026
| Host         : <BUILD_HOST> running 64-bit Ubuntu 22.04.5 LTS
| Command      : report_timing_summary -file <EXPERIMENT_ROOT>/build_text288_v1/reports/synthesis_timing.rpt
| Design       : design_1_wrapper
| Device       : 7z020-clg400
| Speed File   : -1  PRODUCTION 1.12 2019-11-22
------------------------------------------------------------------------------------------------------------------------

Timing Summary Report

------------------------------------------------------------------------------------------------
| Timer Settings
| --------------
------------------------------------------------------------------------------------------------

  Enable Multi Corner Analysis               :  Yes
  Enable Pessimism Removal                   :  Yes
  Pessimism Removal Resolution               :  Nearest Common Node
  Enable Input Delay Default Clock           :  No
  Enable Preset / Clear Arcs                 :  No
  Disable Flight Delays                      :  No
  Ignore I/O Paths                           :  No
  Timing Early Launch at Borrowing Latches   :  No
  Borrow Time for Max Delay Exceptions       :  Yes
  Merge Timing Exceptions                    :  Yes

  Corner  Analyze    Analyze    
  Name    Max Paths  Min Paths  
  ------  ---------  ---------  
  Slow    Yes        Yes        
  Fast    Yes        Yes        


------------------------------------------------------------------------------------------------
| Report Methodology
| ------------------
------------------------------------------------------------------------------------------------

No report available as report_methodology has not been run prior. Run report_methodology on the current design for the summary of methodology violations.



check_timing report

Table of Contents
-----------------
1. checking no_clock (0)
2. checking constant_clock (0)
3. checking pulse_width_clock (0)
4. checking unconstrained_internal_endpoints (0)
5. checking no_input_delay (0)
6. checking no_output_delay (0)
7. checking multiple_clock (0)
8. checking generated_clocks (0)
9. checking loops (0)
10. checking partial_input_delay (0)
11. checking partial_output_delay (0)
12. checking latch_loops (0)

1. checking no_clock (0)
------------------------
 There are 0 register/latch pins with no clock.


2. checking constant_clock (0)
------------------------------
 There are 0 register/latch pins with constant_clock.


3. checking pulse_width_clock (0)
---------------------------------
 There are 0 register/latch pins which need pulse_width check


4. checking unconstrained_internal_endpoints (0)
------------------------------------------------
 There are 0 pins that are not constrained for maximum delay.

 There are 0 pins that are not constrained for maximum delay due to constant clock.


5. checking no_input_delay (0)
------------------------------
 There are 0 input ports with no input delay specified.

 There are 0 input ports with no input delay but user has a false path constraint.


6. checking no_output_delay (0)
-------------------------------
 There are 0 ports with no output delay specified.

 There are 0 ports with no output delay but user has a false path constraint

 There are 0 ports with no output delay but with a timing clock defined on it or propagating through it


7. checking multiple_clock (0)
------------------------------
 There are 0 register/latch pins with multiple clocks.


8. checking generated_clocks (0)
--------------------------------
 There are 0 generated clocks that are not connected to a clock source.


9. checking loops (0)
---------------------
 There are 0 combinational loops in the design.


10. checking partial_input_delay (0)
------------------------------------
 There are 0 input ports with partial input delay specified.


11. checking partial_output_delay (0)
-------------------------------------
 There are 0 ports with partial output delay specified.


12. checking latch_loops (0)
----------------------------
 There are 0 combinational latch loops in the design through latch input



------------------------------------------------------------------------------------------------
| Design Timing Summary
| ---------------------
------------------------------------------------------------------------------------------------

    WNS(ns)      TNS(ns)  TNS Failing Endpoints  TNS Total Endpoints      WHS(ns)      THS(ns)  THS Failing Endpoints  THS Total Endpoints     WPWS(ns)     TPWS(ns)  TPWS Failing Endpoints  TPWS Total Endpoints  
    -------      -------  ---------------------  -------------------      -------      -------  ---------------------  -------------------     --------     --------  ----------------------  --------------------  
      1.417        0.000                      0                44913        0.045        0.000                      0                44913        4.020        0.000                       0                 15376  


All user specified timing constraints are met.


------------------------------------------------------------------------------------------------
| Clock Summary
| -------------
------------------------------------------------------------------------------------------------

Clock       Waveform(ns)       Period(ns)      Frequency(MHz)
-----       ------------       ----------      --------------
clk_fpga_0  {0.000 5.000}      10.000          100.000         


------------------------------------------------------------------------------------------------
| Intra Clock Table
| -----------------
------------------------------------------------------------------------------------------------

Clock             WNS(ns)      TNS(ns)  TNS Failing Endpoints  TNS Total Endpoints      WHS(ns)      THS(ns)  THS Failing Endpoints  THS Total Endpoints     WPWS(ns)     TPWS(ns)  TPWS Failing Endpoints  TPWS Total Endpoints  
-----             -------      -------  ---------------------  -------------------      -------      -------  ---------------------  -------------------     --------     --------  ----------------------  --------------------  
clk_fpga_0          1.417        0.000                      0                44913        0.045        0.000                      0                44913        4.020        0.000                       0                 15376  


------------------------------------------------------------------------------------------------
| Inter Clock Table
| -----------------
------------------------------------------------------------------------------------------------

From Clock    To Clock          WNS(ns)      TNS(ns)  TNS Failing Endpoints  TNS Total Endpoints      WHS(ns)      THS(ns)  THS Failing Endpoints  THS Total Endpoints  
----------    --------          -------      -------  ---------------------  -------------------      -------      -------  ---------------------  -------------------  


------------------------------------------------------------------------------------------------
| Other Path Groups Table
| -----------------------
------------------------------------------------------------------------------------------------

Path Group    From Clock    To Clock          WNS(ns)      TNS(ns)  TNS Failing Endpoints  TNS Total Endpoints      WHS(ns)      THS(ns)  THS Failing Endpoints  THS Total Endpoints  
----------    ----------    --------          -------      -------  ---------------------  -------------------      -------      -------  ---------------------  -------------------  


------------------------------------------------------------------------------------------------
| Timing Details
| --------------
------------------------------------------------------------------------------------------------


---------------------------------------------------------------------------------------------------
From Clock:  clk_fpga_0
  To Clock:  clk_fpga_0

Setup :            0  Failing Endpoints,  Worst Slack        1.417ns,  Total Violation        0.000ns
Hold  :            0  Failing Endpoints,  Worst Slack        0.045ns,  Total Violation        0.000ns
PW    :            0  Failing Endpoints,  Worst Slack        4.020ns,  Total Violation        0.000ns
---------------------------------------------------------------------------------------------------


Max Delay Paths
--------------------------------------------------------------------------------------
Slack (MET) :             1.417ns  (required time - arrival time)
  Source:                 design_1_i/maxcut26_0/inst/solver/cached_q_reg[255][5]/C
                            (rising edge-triggered cell FDRE clocked by clk_fpga_0  {rise@0.000ns fall@5.000ns period=10.000ns})
  Destination:            design_1_i/maxcut26_0/inst/solver/phase_reg[1]/D
                            (rising edge-triggered cell FDRE clocked by clk_fpga_0  {rise@0.000ns fall@5.000ns period=10.000ns})
  Path Group:             clk_fpga_0
  Path Type:              Setup (Max at Slow Process Corner)
  Requirement:            10.000ns  (clk_fpga_0 rise@10.000ns - clk_fpga_0 rise@0.000ns)
  Data Path Delay:        8.364ns  (logic 2.012ns (24.055%)  route 6.352ns (75.945%))
  Logic Levels:           10  (LUT5=2 LUT6=7 MUXF7=1)
  Clock Path Skew:        -0.145ns (DCD - SCD + CPR)
    Destination Clock Delay (DCD):    1.505ns = ( 11.505 - 10.000 ) 
    Source Clock Delay      (SCD):    1.700ns
    Clock Pessimism Removal (CPR):    0.050ns
  Clock Uncertainty:      0.154ns  ((TSJ^2 + TIJ^2)^1/2 + DJ) / 2 + PE
    Total System Jitter     (TSJ):    0.071ns
    Total Input Jitter      (TIJ):    0.300ns
    Discrete Jitter          (DJ):    0.000ns
    Phase Error              (PE):    0.000ns

    Location             Delay type                Incr(ns)  Path(ns)    Netlist Resource(s)
  -------------------------------------------------------------------    -------------------
                         (clock clk_fpga_0 rise edge)
                                                      0.000     0.000 r  
    PS7_X0Y0             PS7                          0.000     0.000 r  design_1_i/ps7_0/inst/PS7_i/FCLKCLK[0]
                         net (fo=1, unplaced)         0.800     0.800    design_1_i/ps7_0/inst/FCLK_CLK_unbuffered[0]
                         BUFG (Prop_bufg_I_O)         0.101     0.901 r  design_1_i/ps7_0/inst/buffer_fclk_clk_0.FCLK_CLK_0_BUFG/O
                         net (fo=15376, unplaced)     0.800     1.700    design_1_i/maxcut26_0/inst/solver/s_axi_aclk
                         FDRE                                         r  design_1_i/maxcut26_0/inst/solver/cached_q_reg[255][5]/C
  -------------------------------------------------------------------    -------------------
                         FDRE (Prop_fdre_C_Q)         0.478     2.178 r  design_1_i/maxcut26_0/inst/solver/cached_q_reg[255][5]/Q
                         net (fo=1, unplaced)         0.965     3.143    design_1_i/maxcut26_0/inst/solver/cached_q_reg_n_0_[255][5]
                         LUT6 (Prop_lut6_I0_O)        0.295     3.438 r  design_1_i/maxcut26_0/inst/solver/cause_drift[31]_i_573/O
                         net (fo=1, unplaced)         0.449     3.887    design_1_i/maxcut26_0/inst/solver/cause_drift[31]_i_573_n_0
                         LUT5 (Prop_lut5_I2_O)        0.124     4.011 r  design_1_i/maxcut26_0/inst/solver/cause_drift[31]_i_230/O
                         net (fo=1, unplaced)         0.902     4.913    design_1_i/maxcut26_0/inst/solver/cause_drift[31]_i_230_n_0
                         LUT6 (Prop_lut6_I3_O)        0.124     5.037 r  design_1_i/maxcut26_0/inst/solver/cause_drift[31]_i_74/O
                         net (fo=1, unplaced)         1.111     6.148    design_1_i/maxcut26_0/inst/solver/cause_drift[31]_i_74_n_0
                         LUT6 (Prop_lut6_I3_O)        0.124     6.272 r  design_1_i/maxcut26_0/inst/solver/cause_drift[31]_i_26/O
                         net (fo=1, unplaced)         0.665     6.937    design_1_i/maxcut26_0/inst/solver/cause_drift[31]_i_26_n_0
                         LUT6 (Prop_lut6_I0_O)        0.124     7.061 f  design_1_i/maxcut26_0/inst/solver/cause_drift[31]_i_12/O
                         net (fo=1, unplaced)         0.902     7.963    design_1_i/maxcut26_0/inst/solver/cause_drift[31]_i_12_n_0
                         LUT6 (Prop_lut6_I3_O)        0.124     8.087 f  design_1_i/maxcut26_0/inst/solver/cause_drift[31]_i_4/O
                         net (fo=2, unplaced)         0.460     8.547    design_1_i/maxcut26_0/inst/solver/field_drift
                         LUT5 (Prop_lut5_I4_O)        0.124     8.671 f  design_1_i/maxcut26_0/inst/solver/phase[1]_i_6/O
                         net (fo=1, unplaced)         0.449     9.120    design_1_i/maxcut26_0/inst/solver/phase[1]_i_6_n_0
                         LUT6 (Prop_lut6_I5_O)        0.124     9.244 r  design_1_i/maxcut26_0/inst/solver/phase[1]_i_4/O
                         net (fo=1, unplaced)         0.449     9.693    design_1_i/maxcut26_0/inst/solver/phase[1]_i_4_n_0
                         LUT6 (Prop_lut6_I5_O)        0.124     9.817 r  design_1_i/maxcut26_0/inst/solver/phase[1]_i_3/O
                         net (fo=1, unplaced)         0.000     9.817    design_1_i/maxcut26_0/inst/solver/phase[1]_i_3_n_0
                         MUXF7 (Prop_muxf7_I1_O)      0.247    10.064 r  design_1_i/maxcut26_0/inst/solver/phase_reg[1]_i_1/O
                         net (fo=1, unplaced)         0.000    10.064    design_1_i/maxcut26_0/inst/solver/phase__0[1]
                         FDRE                                         r  design_1_i/maxcut26_0/inst/solver/phase_reg[1]/D
  -------------------------------------------------------------------    -------------------

                         (clock clk_fpga_0 rise edge)
                                                     10.000    10.000 r  
    PS7_X0Y0             PS7                          0.000    10.000 r  design_1_i/ps7_0/inst/PS7_i/FCLKCLK[0]
                         net (fo=1, unplaced)         0.760    10.760    design_1_i/ps7_0/inst/FCLK_CLK_unbuffered[0]
                         BUFG (Prop_bufg_I_O)         0.091    10.851 r  design_1_i/ps7_0/inst/buffer_fclk_clk_0.FCLK_CLK_0_BUFG/O
                         net (fo=15376, unplaced)     0.655    11.505    design_1_i/maxcut26_0/inst/solver/s_axi_aclk
                         FDRE                                         r  design_1_i/maxcut26_0/inst/solver/phase_reg[1]/C
                         clock pessimism              0.050    11.555    
                         clock uncertainty           -0.154    11.401    
                         FDRE (Setup_fdre_C_D)        0.080    11.481    design_1_i/maxcut26_0/inst/solver/phase_reg[1]
  -------------------------------------------------------------------
                         required time                         11.481    
                         arrival time                         -10.064    
  -------------------------------------------------------------------
                         slack                                  1.417    





Min Delay Paths
--------------------------------------------------------------------------------------
Slack (MET) :             0.045ns  (arrival time - required time)
  Source:                 design_1_i/rst_ps7_0_100M/U0/EXT_LPF/ACTIVE_HIGH_AUX.ACT_HI_AUX/GENERATE_LEVEL_P_S_CDC.SINGLE_BIT.CROSS_PLEVEL_IN2SCNDRY_IN_cdc_to/C
                            (rising edge-triggered cell FDRE clocked by clk_fpga_0  {rise@0.000ns fall@5.000ns period=10.000ns})
  Destination:            design_1_i/rst_ps7_0_100M/U0/EXT_LPF/ACTIVE_HIGH_AUX.ACT_HI_AUX/GENERATE_LEVEL_P_S_CDC.SINGLE_BIT.CROSS_PLEVEL_IN2SCNDRY_s_level_out_d2/D
                            (rising edge-triggered cell FDRE clocked by clk_fpga_0  {rise@0.000ns fall@5.000ns period=10.000ns})
  Path Group:             clk_fpga_0
  Path Type:              Hold (Min at Fast Process Corner)
  Requirement:            0.000ns  (clk_fpga_0 rise@0.000ns - clk_fpga_0 rise@0.000ns)
  Data Path Delay:        0.228ns  (logic 0.147ns (64.493%)  route 0.081ns (35.507%))
  Logic Levels:           0  
  Clock Path Skew:        0.145ns (DCD - SCD - CPR)
    Destination Clock Delay (DCD):    0.739ns
    Source Clock Delay      (SCD):    0.573ns
    Clock Pessimism Removal (CPR):    0.021ns

    Location             Delay type                Incr(ns)  Path(ns)    Netlist Resource(s)
  -------------------------------------------------------------------    -------------------
                         (clock clk_fpga_0 rise edge)
                                                      0.000     0.000 r  
    PS7_X0Y0             PS7                          0.000     0.000 r  design_1_i/ps7_0/inst/PS7_i/FCLKCLK[0]
                         net (fo=1, unplaced)         0.337     0.337    design_1_i/ps7_0/inst/FCLK_CLK_unbuffered[0]
                         BUFG (Prop_bufg_I_O)         0.026     0.363 r  design_1_i/ps7_0/inst/buffer_fclk_clk_0.FCLK_CLK_0_BUFG/O
                         net (fo=15376, unplaced)     0.210     0.573    design_1_i/rst_ps7_0_100M/U0/EXT_LPF/ACTIVE_HIGH_AUX.ACT_HI_AUX/slowest_sync_clk
                         FDRE                                         r  design_1_i/rst_ps7_0_100M/U0/EXT_LPF/ACTIVE_HIGH_AUX.ACT_HI_AUX/GENERATE_LEVEL_P_S_CDC.SINGLE_BIT.CROSS_PLEVEL_IN2SCNDRY_IN_cdc_to/C
  -------------------------------------------------------------------    -------------------
                         FDRE (Prop_fdre_C_Q)         0.147     0.720 r  design_1_i/rst_ps7_0_100M/U0/EXT_LPF/ACTIVE_HIGH_AUX.ACT_HI_AUX/GENERATE_LEVEL_P_S_CDC.SINGLE_BIT.CROSS_PLEVEL_IN2SCNDRY_IN_cdc_to/Q
                         net (fo=1, unplaced)         0.081     0.801    design_1_i/rst_ps7_0_100M/U0/EXT_LPF/ACTIVE_HIGH_AUX.ACT_HI_AUX/Q
                         FDRE                                         r  design_1_i/rst_ps7_0_100M/U0/EXT_LPF/ACTIVE_HIGH_AUX.ACT_HI_AUX/GENERATE_LEVEL_P_S_CDC.SINGLE_BIT.CROSS_PLEVEL_IN2SCNDRY_s_level_out_d2/D
  -------------------------------------------------------------------    -------------------

                         (clock clk_fpga_0 rise edge)
                                                      0.000     0.000 r  
    PS7_X0Y0             PS7                          0.000     0.000 r  design_1_i/ps7_0/inst/PS7_i/FCLKCLK[0]
                         net (fo=1, unplaced)         0.355     0.355    design_1_i/ps7_0/inst/FCLK_CLK_unbuffered[0]
                         BUFG (Prop_bufg_I_O)         0.029     0.384 r  design_1_i/ps7_0/inst/buffer_fclk_clk_0.FCLK_CLK_0_BUFG/O
                         net (fo=15376, unplaced)     0.355     0.739    design_1_i/rst_ps7_0_100M/U0/EXT_LPF/ACTIVE_HIGH_AUX.ACT_HI_AUX/slowest_sync_clk
                         FDRE                                         r  design_1_i/rst_ps7_0_100M/U0/EXT_LPF/ACTIVE_HIGH_AUX.ACT_HI_AUX/GENERATE_LEVEL_P_S_CDC.SINGLE_BIT.CROSS_PLEVEL_IN2SCNDRY_s_level_out_d2/C
                         clock pessimism             -0.021     0.718    
                         FDRE (Hold_fdre_C_D)         0.038     0.756    design_1_i/rst_ps7_0_100M/U0/EXT_LPF/ACTIVE_HIGH_AUX.ACT_HI_AUX/GENERATE_LEVEL_P_S_CDC.SINGLE_BIT.CROSS_PLEVEL_IN2SCNDRY_s_level_out_d2
  -------------------------------------------------------------------
                         required time                         -0.756    
                         arrival time                           0.801    
  -------------------------------------------------------------------
                         slack                                  0.045    





Pulse Width Checks
--------------------------------------------------------------------------------------
Clock Name:         clk_fpga_0
Waveform(ns):       { 0.000 5.000 }
Period(ns):         10.000
Sources:            { design_1_i/ps7_0/inst/PS7_i/FCLKCLK[0] }

Check Type        Corner  Lib Pin             Reference Pin  Required(ns)  Actual(ns)  Slack(ns)  Location  Pin
Min Period        n/a     RAMB18E1/CLKARDCLK  n/a            2.944         10.000      7.056                design_1_i/maxcut26_0/inst/recorder/memory_reg/CLKARDCLK
Low Pulse Width   Slow    SRLC32E/CLK         n/a            0.980         5.000       4.020                design_1_i/axi_interconnect_0/s00_couplers/auto_pc/inst/gen_axilite.gen_b2s_conv.axilite_b2s/RD.r_channel_0/rd_data_fifo_0/memory_reg[31][0]_srl32/CLK
High Pulse Width  Slow    SRLC32E/CLK         n/a            0.980         5.000       4.020                design_1_i/axi_interconnect_0/s00_couplers/auto_pc/inst/gen_axilite.gen_b2s_conv.axilite_b2s/RD.r_channel_0/rd_data_fifo_0/memory_reg[31][0]_srl32/CLK



